
> quiz-app@0.1.0 build
> react-scripts build

npm : (node:21800) [DEP0176] DeprecationWarning: fs.F_OK is deprecated, use 
fs.constants.F_OK instead
At line:1 char:1
+ npm run build 2>&1 | Tee-Object -FilePath build-output.txt
+ ~~~~~~~~~~~~~~~~~~
    + CategoryInfo          : NotSpecified: ((node:21800) [D...ts.F_OK instead:String) [] 
   , RemoteException
    + FullyQualifiedErrorId : NativeCommandError
 
(Use `node --trace-deprecation ...` to show where the warning was created)
Creating an optimized production build...
Browserslist: caniuse-lite is outdated. Please run:
  npx update-browserslist-db@latest
  Why you should do it regularly: https://github.com/browserslist/update-db#readme
